// Jest Snapshot v1, https://goo.gl/fbAQLP

exports[`directives remark plugin - client compiler default behavior for container directives 1`] = `
"<admonition type="danger"><p>Take care of snowstorms...</p></admonition>
<div><p>unused directive content</p></div>
<p>:::NotAContainerDirective with a phrase after</p>
<p>:::</p>
<p>Phrase before :::NotAContainerDirective</p>
<p>:::</p>"
`;

exports[`directives remark plugin - client compiler default behavior for container directives 2`] = `
[
  [
    "[WARNING] We found a potential error in your documentation unusedDirective "packages/docusaurus-mdx-loader/src/remark/unusedDirectives/__tests__/__fixtures__/containerDirectives.md:7:1"",
  ],
]
`;

exports[`directives remark plugin - client compiler default behavior for leaf directives 1`] = `
"<div></div>
<p>Leaf directive in a phrase ::NotALeafDirective</p>
<p>::NotALeafDirective with a phrase after</p>"
`;

exports[`directives remark plugin - client compiler default behavior for leaf directives 2`] = `
[
  [
    "[WARNING] We found a potential error in your documentation unusedLeafDirective "packages/docusaurus-mdx-loader/src/remark/unusedDirectives/__tests__/__fixtures__/leafDirectives.md:1:1"",
  ],
]
`;

exports[`directives remark plugin - client compiler default behavior for text directives 1`] = `
"<p>Simple: textDirective1</p>
<pre><code class="language-sh">Simple: textDirective1
</code></pre>
<p>Simple<div></div></p>
<pre><code class="language-sh">Simple:textDirective1
</code></pre>"
`;

exports[`directives remark plugin - client compiler default behavior for text directives 2`] = `
[
  [
    "[WARNING] We found a potential error in your documentation textDirective2 "packages/docusaurus-mdx-loader/src/remark/unusedDirectives/__tests__/__fixtures__/textDirectives.md:7:7"",
  ],
]
`;

exports[`directives remark plugin - server compiler default behavior for container directives 1`] = `
"<admonition type="danger"><p>Take care of snowstorms...</p></admonition>
<div><p>unused directive content</p></div>
<p>:::NotAContainerDirective with a phrase after</p>
<p>:::</p>
<p>Phrase before :::NotAContainerDirective</p>
<p>:::</p>"
`;

exports[`directives remark plugin - server compiler default behavior for leaf directives 1`] = `
"<div></div>
<p>Leaf directive in a phrase ::NotALeafDirective</p>
<p>::NotALeafDirective with a phrase after</p>"
`;

exports[`directives remark plugin - server compiler default behavior for text directives 1`] = `
"<p>Simple: textDirective1</p>
<pre><code class="language-sh">Simple: textDirective1
</code></pre>
<p>Simple<div></div></p>
<pre><code class="language-sh">Simple:textDirective1
</code></pre>"
`;
