// Jest Snapshot v1, https://goo.gl/fbAQLP

exports[`sitemap empty site 1`] = `"<?xml version=\\"1.0\\" encoding=\\"UTF-8\\"?><urlset xmlns=\\"http://www.sitemaps.org/schemas/sitemap/0.9\\" xmlns:news=\\"http://www.google.com/schemas/sitemap-news/0.9\\" xmlns:xhtml=\\"http://www.w3.org/1999/xhtml\\" xmlns:mobile=\\"http://www.google.com/schemas/sitemap-mobile/1.0\\" xmlns:image=\\"http://www.google.com/schemas/sitemap-image/1.1\\" xmlns:video=\\"http://www.google.com/schemas/sitemap-video/1.1\\"><url><loc>https://docusaurus.io/docs/endiliey/permalink</loc><changefreq>weekly</changefreq><priority>0.5</priority></url><url><loc>https://docusaurus.io/docs/hello</loc><changefreq>weekly</changefreq><priority>0.5</priority></url><url><loc>https://docusaurus.io/docs/foo/bar</loc><changefreq>weekly</changefreq><priority>0.5</priority></url><url><loc>https://docusaurus.io/docs/foo/baz</loc><changefreq>weekly</changefreq><priority>0.5</priority></url><url><loc>https://docusaurus.io/</loc><changefreq>weekly</changefreq><priority>0.5</priority></url><url><loc>https://docusaurus.io/hello/world</loc><changefreq>weekly</changefreq><priority>0.5</priority></url></urlset>"`;

exports[`sitemap simple site 1`] = `"<?xml version=\\"1.0\\" encoding=\\"UTF-8\\"?><urlset xmlns=\\"http://www.sitemaps.org/schemas/sitemap/0.9\\" xmlns:news=\\"http://www.google.com/schemas/sitemap-news/0.9\\" xmlns:xhtml=\\"http://www.w3.org/1999/xhtml\\" xmlns:mobile=\\"http://www.google.com/schemas/sitemap-mobile/1.0\\" xmlns:image=\\"http://www.google.com/schemas/sitemap-image/1.1\\" xmlns:video=\\"http://www.google.com/schemas/sitemap-video/1.1\\"><url><loc>https://docusaurus.io/docs/endiliey/permalink</loc><changefreq>weekly</changefreq><priority>0.5</priority></url><url><loc>https://docusaurus.io/docs/hello</loc><changefreq>weekly</changefreq><priority>0.5</priority></url><url><loc>https://docusaurus.io/docs/foo/bar</loc><changefreq>weekly</changefreq><priority>0.5</priority></url><url><loc>https://docusaurus.io/docs/foo/baz</loc><changefreq>weekly</changefreq><priority>0.5</priority></url><url><loc>https://docusaurus.io/</loc><changefreq>weekly</changefreq><priority>0.5</priority></url><url><loc>https://docusaurus.io/hello/world</loc><changefreq>weekly</changefreq><priority>0.5</priority></url></urlset>"`;

exports[`sitemap translated + versioned site 1`] = `"<?xml version=\\"1.0\\" encoding=\\"UTF-8\\"?><urlset xmlns=\\"http://www.sitemaps.org/schemas/sitemap/0.9\\" xmlns:news=\\"http://www.google.com/schemas/sitemap-news/0.9\\" xmlns:xhtml=\\"http://www.w3.org/1999/xhtml\\" xmlns:mobile=\\"http://www.google.com/schemas/sitemap-mobile/1.0\\" xmlns:image=\\"http://www.google.com/schemas/sitemap-image/1.1\\" xmlns:video=\\"http://www.google.com/schemas/sitemap-video/1.1\\"><url><loc>https://docusaurus.io/docs/en/next/hello</loc><changefreq>weekly</changefreq><priority>0.5</priority></url><url><loc>https://docusaurus.io/docs/en/next/foo/baz</loc><changefreq>weekly</changefreq><priority>0.5</priority></url><url><loc>https://docusaurus.io/docs/en/next/foo/bar</loc><changefreq>weekly</changefreq><priority>0.5</priority></url><url><loc>https://docusaurus.io/docs/en/next/endiliey/permalink</loc><changefreq>weekly</changefreq><priority>0.5</priority></url><url><loc>https://docusaurus.io/docs/ko/next/hello</loc><changefreq>weekly</changefreq><priority>0.5</priority></url><url><loc>https://docusaurus.io/docs/ko/next/foo/bar</loc><changefreq>weekly</changefreq><priority>0.5</priority></url><url><loc>https://docusaurus.io/docs/ko/1.0.0/hello</loc><changefreq>weekly</changefreq><priority>0.5</priority></url><url><loc>https://docusaurus.io/docs/ko/1.0.0/foo/bar</loc><changefreq>weekly</changefreq><priority>0.5</priority></url><url><loc>https://docusaurus.io/docs/ko/next/foo/baz</loc><changefreq>weekly</changefreq><priority>0.5</priority></url><url><loc>https://docusaurus.io/docs/ko/1.0.0/foo/baz</loc><changefreq>weekly</changefreq><priority>0.5</priority></url><url><loc>https://docusaurus.io/docs/ko/foo/bar</loc><changefreq>weekly</changefreq><priority>0.5</priority></url><url><loc>https://docusaurus.io/docs/ko/foo/baz</loc><changefreq>weekly</changefreq><priority>0.5</priority></url><url><loc>https://docusaurus.io/docs/ko/hello</loc><changefreq>weekly</changefreq><priority>0.5</priority></url><url><loc>https://docusaurus.io/docs/en/hello</loc><changefreq>weekly</changefreq><priority>0.5</priority></url><url><loc>https://docusaurus.io/docs/en/foo/bar</loc><changefreq>weekly</changefreq><priority>0.5</priority></url><url><loc>https://docusaurus.io/docs/en/foo/baz</loc><changefreq>weekly</changefreq><priority>0.5</priority></url><url><loc>https://docusaurus.io/docs/en/1.0.0/foo/bar</loc><changefreq>weekly</changefreq><priority>0.5</priority></url><url><loc>https://docusaurus.io/docs/en/1.0.0/hello</loc><changefreq>weekly</changefreq><priority>0.5</priority></url><url><loc>https://docusaurus.io/docs/en/1.0.0/foo/baz</loc><changefreq>weekly</changefreq><priority>0.5</priority></url><url><loc>https://docusaurus.io/</loc><changefreq>weekly</changefreq><priority>0.5</priority></url><url><loc>https://docusaurus.io/en/</loc><changefreq>weekly</changefreq><priority>0.5</priority></url><url><loc>https://docusaurus.io/ko/</loc><changefreq>weekly</changefreq><priority>0.5</priority></url><url><loc>https://docusaurus.io/hello/world</loc><changefreq>weekly</changefreq><priority>0.5</priority></url><url><loc>https://docusaurus.io/en/hello/world</loc><changefreq>weekly</changefreq><priority>0.5</priority></url><url><loc>https://docusaurus.io/ko/hello/world</loc><changefreq>weekly</changefreq><priority>0.5</priority></url></urlset>"`;

exports[`sitemap translated site 1`] = `"<?xml version=\\"1.0\\" encoding=\\"UTF-8\\"?><urlset xmlns=\\"http://www.sitemaps.org/schemas/sitemap/0.9\\" xmlns:news=\\"http://www.google.com/schemas/sitemap-news/0.9\\" xmlns:xhtml=\\"http://www.w3.org/1999/xhtml\\" xmlns:mobile=\\"http://www.google.com/schemas/sitemap-mobile/1.0\\" xmlns:image=\\"http://www.google.com/schemas/sitemap-image/1.1\\" xmlns:video=\\"http://www.google.com/schemas/sitemap-video/1.1\\"><url><loc>https://docusaurus.io/docs/en/foo/bar</loc><changefreq>weekly</changefreq><priority>0.5</priority></url><url><loc>https://docusaurus.io/docs/en/foo/baz</loc><changefreq>weekly</changefreq><priority>0.5</priority></url><url><loc>https://docusaurus.io/docs/en/endiliey/permalink</loc><changefreq>weekly</changefreq><priority>0.5</priority></url><url><loc>https://docusaurus.io/docs/en/hello</loc><changefreq>weekly</changefreq><priority>0.5</priority></url><url><loc>https://docusaurus.io/docs/ko/hello</loc><changefreq>weekly</changefreq><priority>0.5</priority></url><url><loc>https://docusaurus.io/docs/ko/foo/baz</loc><changefreq>weekly</changefreq><priority>0.5</priority></url><url><loc>https://docusaurus.io/docs/ko/foo/bar</loc><changefreq>weekly</changefreq><priority>0.5</priority></url><url><loc>https://docusaurus.io/</loc><changefreq>weekly</changefreq><priority>0.5</priority></url><url><loc>https://docusaurus.io/en/</loc><changefreq>weekly</changefreq><priority>0.5</priority></url><url><loc>https://docusaurus.io/ko/</loc><changefreq>weekly</changefreq><priority>0.5</priority></url><url><loc>https://docusaurus.io/hello/world</loc><changefreq>weekly</changefreq><priority>0.5</priority></url><url><loc>https://docusaurus.io/en/hello/world</loc><changefreq>weekly</changefreq><priority>0.5</priority></url><url><loc>https://docusaurus.io/ko/hello/world</loc><changefreq>weekly</changefreq><priority>0.5</priority></url></urlset>"`;

exports[`sitemap versioned site 1`] = `"<?xml version=\\"1.0\\" encoding=\\"UTF-8\\"?><urlset xmlns=\\"http://www.sitemaps.org/schemas/sitemap/0.9\\" xmlns:news=\\"http://www.google.com/schemas/sitemap-news/0.9\\" xmlns:xhtml=\\"http://www.w3.org/1999/xhtml\\" xmlns:mobile=\\"http://www.google.com/schemas/sitemap-mobile/1.0\\" xmlns:image=\\"http://www.google.com/schemas/sitemap-image/1.1\\" xmlns:video=\\"http://www.google.com/schemas/sitemap-video/1.1\\"><url><loc>https://docusaurus.io/docs/next/hello</loc><changefreq>weekly</changefreq><priority>0.5</priority></url><url><loc>https://docusaurus.io/docs/next/endiliey/permalink</loc><changefreq>weekly</changefreq><priority>0.5</priority></url><url><loc>https://docusaurus.io/docs/next/foo/bar</loc><changefreq>weekly</changefreq><priority>0.5</priority></url><url><loc>https://docusaurus.io/docs/next/foo/baz</loc><changefreq>weekly</changefreq><priority>0.5</priority></url><url><loc>https://docusaurus.io/docs/1.0.0/hello</loc><changefreq>weekly</changefreq><priority>0.5</priority></url><url><loc>https://docusaurus.io/docs/1.0.0/foo/baz</loc><changefreq>weekly</changefreq><priority>0.5</priority></url><url><loc>https://docusaurus.io/docs/hello</loc><changefreq>weekly</changefreq><priority>0.5</priority></url><url><loc>https://docusaurus.io/docs/1.0.0/foo/bar</loc><changefreq>weekly</changefreq><priority>0.5</priority></url><url><loc>https://docusaurus.io/docs/foo/baz</loc><changefreq>weekly</changefreq><priority>0.5</priority></url><url><loc>https://docusaurus.io/docs/foo/bar</loc><changefreq>weekly</changefreq><priority>0.5</priority></url><url><loc>https://docusaurus.io/</loc><changefreq>weekly</changefreq><priority>0.5</priority></url><url><loc>https://docusaurus.io/hello/world</loc><changefreq>weekly</changefreq><priority>0.5</priority></url></urlset>"`;
