// Jest Snapshot v1, https://goo.gl/fbAQLP

exports[`loadPlugins loads plugins 1`] = `
{
  "globalData": {
    "test1": {
      "default": {
        "content": "a",
        "prop": "a",
      },
    },
  },
  "plugins": [
    {
      "content": "a",
      "contentLoaded": [Function],
      "loadContent": [Function],
      "name": "test1",
      "options": {
        "id": "default",
      },
      "path": "<PROJECT_ROOT>/packages/docusaurus/src/server/plugins/__tests__/__fixtures__/site-with-plugin",
      "prop": "a",
      "version": {
        "type": "local",
      },
    },
    {
      "configureWebpack": [Function],
      "content": undefined,
      "name": "test2",
      "options": {
        "id": "default",
      },
      "path": "<PROJECT_ROOT>/packages/docusaurus/src/server/plugins/__tests__/__fixtures__/site-with-plugin",
      "version": {
        "type": "local",
      },
    },
    {
      "content": undefined,
      "getClientModules": [Function],
      "injectHtmlTags": [Function],
      "name": "docusaurus-bootstrap-plugin",
      "options": {
        "id": "default",
      },
      "path": "<PROJECT_ROOT>/packages/docusaurus/src/server/plugins/__tests__/__fixtures__/site-with-plugin",
      "version": {
        "type": "synthetic",
      },
    },
    {
      "configureWebpack": [Function],
      "content": undefined,
      "name": "docusaurus-mdx-fallback-plugin",
      "options": {
        "id": "default",
      },
      "path": ".",
      "version": {
        "type": "synthetic",
      },
    },
  ],
  "pluginsRouteConfigs": [
    {
      "component": "Comp",
      "context": {
        "data": {
          "content": "path",
        },
        "plugin": "<PROJECT_ROOT>/packages/docusaurus/src/server/plugins/__tests__/__fixtures__/site-with-plugin/.docusaurus/test1/default/plugin-route-context-module-100.json",
      },
      "lastModified": 2023-08-03T00:00:00.000Z,
      "modules": {
        "content": "path",
      },
      "path": "foo/",
    },
  ],
}
`;
