// Jest Snapshot v1, https://goo.gl/fbAQLP

exports[`transform md images to <img /> 1`] = `
"![img](https://example.com/img.png)

<img  src={require(\\"!url-loader!./image.png\\").default}  />

<img alt={\\"img\\"} src={require(\\"!url-loader!./image.png\\").default}  />

<img alt={\\"img\\"} src={require(\\"!url-loader!./image.png\\").default} title={\\"Title\\"} /> ![img](/img.md)

## Heading

\`\`\`md
![img](./image.png)
\`\`\`
"
`;
