// Jest Snapshot v1, https://goo.gl/fbAQLP

exports[`server utils minify css 1`] = `".hljs{margin-left:-15px;margin-right:-15px;border:1px solid #eee;border-radius:6px;padding:15px;font-size:15px;max-width:50rem}.hljs.javascript{background-color:rgba(247,223,30,.03)}.hljs .comment{opacity:.7}table .hljs{border:none;background:none}@media (max-width:736px){.hljs{margin-left:-20px;margin-right:-20px;padding:20px;border-radius:0;border-left:none;border-right:none}}#redirectMessage{font-size:30px;line-height:30px;padding-top:100px;margin:auto;max-width:800px;text-align:center;overflow-wrap:break-word}#redirectBanner{background:gray;color:#fff;display:none;font-weight:300;margin:auto;padding:10px 0;text-align:center}#redirectBanner a{color:#fff;opacity:.6}#redirectBanner a:hover{opacity:1}.homeWrapperWrapper{background-color:#f6f4f4;overflow:hidden;position:relative}.homeWrapperInner{display:flex;align-items:center;justify-content:space-evenly;padding:20px 0}.homeCodeSnippet{background-color:transparent;border:none;text-align:initial;padding-top:20px}.homeTagLine{font-size:24px;font-weight:300;max-width:500px;line-height:1.5em}.quickStartAndExamples .wrapper{display:flex;flex-direction:row;justify-content:space-around;max-width:1024px}@media (max-width:736px){.quickStartAndExamples .wrapper{flex-direction:column}}.projectTitle{font-size:50px;font-weight:700;font-family:proxima-nova,sans-serif}.read-more{margin:20px 0 0}@media (max-width:1024px){.homeWrapperInner{flex-direction:column}}.homeCodeSnippet .hljs{background-color:transparent;border:none;padding-top:0;padding-bottom:0;margin:0;color:#393939;font-size:14px}.homeWrapperInner .homeCodeSnippet>div:first-child{display:none}@media (max-width:480px){.projectTitle{font-size:30px}.homeCodeSnippet .hljs{font-size:13px;padding:0}.homeWrapperInner .homeCodeSnippet>div:first-child{display:block}.homeWrapperInner .homeCodeSnippet>div:nth-child(2){display:none}}.getStarted{background-color:$primaryColor;color:#fff}"`;

exports[`server utils minify css 2`] = `[Error: Unexpected "space" found.]`;
