// Jest Snapshot v1, https://goo.gl/fbAQLP

exports[`sidebar site with wrong sidebar content 1`] = `
"Invalid sidebar file at \\"packages/docusaurus-plugin-content-docs/src/__tests__/__fixtures__/simple-site/wrong-sidebars.json\\".
These sidebar document ids do not exist:
- goku

Available document ids are:
- foo/bar
- foo/baz
- headingAsTitle
- hello
- ipsum
- lorem
- rootAbsoluteSlug
- rootRelativeSlug
- rootResolvedSlug
- rootTryToEscapeSlug
- slugs/absoluteSlug
- slugs/relativeSlug
- slugs/resolvedSlug
- slugs/tryToEscapeSlug"
`;

exports[`simple website content 1`] = `
Object {
  "docs": Array [
    Object {
      "collapsed": true,
      "collapsible": true,
      "items": Array [
        Object {
          "collapsed": true,
          "collapsible": true,
          "items": Array [
            Object {
              "id": "foo/bar",
              "type": "doc",
            },
            Object {
              "id": "foo/baz",
              "type": "doc",
            },
          ],
          "label": "foo",
          "type": "category",
        },
        Object {
          "href": "https://github.com",
          "label": "Github",
          "type": "link",
        },
        Object {
          "id": "hello",
          "type": "ref",
        },
      ],
      "label": "Test",
      "type": "category",
    },
    Object {
      "collapsed": true,
      "collapsible": true,
      "items": Array [
        Object {
          "id": "hello",
          "type": "doc",
        },
      ],
      "label": "Guides",
      "type": "category",
    },
  ],
}
`;

exports[`simple website content 2`] = `
Object {
  "pluginName": Object {
    "pluginId": Object {
      "path": "/docs",
      "versions": Array [
        Object {
          "docs": Array [
            Object {
              "id": "foo/bar",
              "path": "/docs/foo/bar",
              "sidebar": "docs",
            },
            Object {
              "id": "foo/baz",
              "path": "/docs/foo/bazSlug.html",
              "sidebar": "docs",
            },
            Object {
              "id": "headingAsTitle",
              "path": "/docs/headingAsTitle",
              "sidebar": undefined,
            },
            Object {
              "id": "hello",
              "path": "/docs/",
              "sidebar": "docs",
            },
            Object {
              "id": "ipsum",
              "path": "/docs/ipsum",
              "sidebar": undefined,
            },
            Object {
              "id": "lorem",
              "path": "/docs/lorem",
              "sidebar": undefined,
            },
            Object {
              "id": "rootAbsoluteSlug",
              "path": "/docs/rootAbsoluteSlug",
              "sidebar": undefined,
            },
            Object {
              "id": "rootRelativeSlug",
              "path": "/docs/rootRelativeSlug",
              "sidebar": undefined,
            },
            Object {
              "id": "rootResolvedSlug",
              "path": "/docs/hey/rootResolvedSlug",
              "sidebar": undefined,
            },
            Object {
              "id": "rootTryToEscapeSlug",
              "path": "/docs/rootTryToEscapeSlug",
              "sidebar": undefined,
            },
            Object {
              "id": "slugs/absoluteSlug",
              "path": "/docs/absoluteSlug",
              "sidebar": undefined,
            },
            Object {
              "id": "slugs/relativeSlug",
              "path": "/docs/slugs/relativeSlug",
              "sidebar": undefined,
            },
            Object {
              "id": "slugs/resolvedSlug",
              "path": "/docs/slugs/hey/resolvedSlug",
              "sidebar": undefined,
            },
            Object {
              "id": "slugs/tryToEscapeSlug",
              "path": "/docs/tryToEscapeSlug",
              "sidebar": undefined,
            },
          ],
          "isLast": true,
          "label": "Next",
          "mainDocId": "hello",
          "name": "current",
          "path": "/docs",
        },
      ],
    },
  },
}
`;

exports[`site with custom sidebar items generator sidebarItemsGenerator is called with appropriate data 1`] = `
Object {
  "defaultSidebarItemsGenerator": [Function],
  "docs": Array [
    Object {
      "frontMatter": Object {},
      "id": "API/Core APIs/Client API",
      "sidebarPosition": 0,
      "source": "@site/docs/3-API/01_Core APIs/0 --- Client API.md",
      "sourceDirName": "3-API/01_Core APIs",
    },
    Object {
      "frontMatter": Object {},
      "id": "API/Core APIs/Server API",
      "sidebarPosition": 1,
      "source": "@site/docs/3-API/01_Core APIs/1 --- Server API.md",
      "sourceDirName": "3-API/01_Core APIs",
    },
    Object {
      "frontMatter": Object {},
      "id": "API/Extension APIs/Plugin API",
      "sidebarPosition": 0,
      "source": "@site/docs/3-API/02_Extension APIs/0. Plugin API.md",
      "sourceDirName": "3-API/02_Extension APIs",
    },
    Object {
      "frontMatter": Object {},
      "id": "API/Extension APIs/Theme API",
      "sidebarPosition": 1,
      "source": "@site/docs/3-API/02_Extension APIs/1. Theme API.md",
      "sourceDirName": "3-API/02_Extension APIs",
    },
    Object {
      "frontMatter": Object {},
      "id": "API/api-end",
      "sidebarPosition": 3,
      "source": "@site/docs/3-API/03_api-end.md",
      "sourceDirName": "3-API",
    },
    Object {
      "frontMatter": Object {},
      "id": "API/api-overview",
      "sidebarPosition": 0,
      "source": "@site/docs/3-API/00_api-overview.md",
      "sourceDirName": "3-API",
    },
    Object {
      "frontMatter": Object {
        "id": "guide1",
        "sidebar_position": 1,
      },
      "id": "Guides/guide1",
      "sidebarPosition": 1,
      "source": "@site/docs/Guides/z-guide1.md",
      "sourceDirName": "Guides",
    },
    Object {
      "frontMatter": Object {
        "id": "guide2",
      },
      "id": "Guides/guide2",
      "sidebarPosition": 2,
      "source": "@site/docs/Guides/02-guide2.md",
      "sourceDirName": "Guides",
    },
    Object {
      "frontMatter": Object {
        "id": "guide2.5",
        "sidebar_position": 2.5,
      },
      "id": "Guides/guide2.5",
      "sidebarPosition": 2.5,
      "source": "@site/docs/Guides/0-guide2.5.md",
      "sourceDirName": "Guides",
    },
    Object {
      "frontMatter": Object {
        "id": "guide3",
        "sidebar_position": 3,
      },
      "id": "Guides/guide3",
      "sidebarPosition": 3,
      "source": "@site/docs/Guides/guide3.md",
      "sourceDirName": "Guides",
    },
    Object {
      "frontMatter": Object {
        "id": "guide4",
      },
      "id": "Guides/guide4",
      "sidebarPosition": undefined,
      "source": "@site/docs/Guides/a-guide4.md",
      "sourceDirName": "Guides",
    },
    Object {
      "frontMatter": Object {
        "id": "guide5",
      },
      "id": "Guides/guide5",
      "sidebarPosition": undefined,
      "source": "@site/docs/Guides/b-guide5.md",
      "sourceDirName": "Guides",
    },
    Object {
      "frontMatter": Object {},
      "id": "getting-started",
      "sidebarPosition": 0,
      "source": "@site/docs/0-getting-started.md",
      "sourceDirName": ".",
    },
    Object {
      "frontMatter": Object {},
      "id": "installation",
      "sidebarPosition": 1,
      "source": "@site/docs/1-installation.md",
      "sourceDirName": ".",
    },
  ],
  "item": Object {
    "dirName": ".",
    "type": "autogenerated",
  },
  "numberPrefixParser": [Function],
  "options": Object {
    "sidebarCollapsed": true,
    "sidebarCollapsible": true,
  },
  "version": Object {
    "contentPath": "docs",
    "versionName": "current",
  },
}
`;
