// Jest Snapshot v1, https://goo.gl/fbAQLP

exports[`getLoadedContentTranslationFiles should return translation files matching snapshot 1`] = `
Array [
  Object {
    "content": Object {
      "foo/doc1.sidebar_label": Object {
        "description": "The sidebar label for doc with id=foo/doc1",
        "message": "doc1 title",
      },
      "foo/doc1.title": Object {
        "description": "The title for doc with id=foo/doc1",
        "message": "doc1 title",
      },
      "foo/doc2.sidebar_label": Object {
        "description": "The sidebar label for doc with id=foo/doc2",
        "message": "doc2 title",
      },
      "foo/doc2.title": Object {
        "description": "The title for doc with id=foo/doc2",
        "message": "doc2 title",
      },
      "foo/doc3.sidebar_label": Object {
        "description": "The sidebar label for doc with id=foo/doc3",
        "message": "doc3 title",
      },
      "foo/doc3.title": Object {
        "description": "The title for doc with id=foo/doc3",
        "message": "doc3 title",
      },
      "foo/doc4.sidebar_label": Object {
        "description": "The sidebar label for doc with id=foo/doc4",
        "message": "doc4 title",
      },
      "foo/doc4.title": Object {
        "description": "The title for doc with id=foo/doc4",
        "message": "doc4 title",
      },
      "foo/doc5.sidebar_label": Object {
        "description": "The sidebar label for doc with id=foo/doc5",
        "message": "doc5 title",
      },
      "foo/doc5.title": Object {
        "description": "The title for doc with id=foo/doc5",
        "message": "doc5 title",
      },
      "sidebar.docs.category.Getting started": Object {
        "description": "The label for category Getting started in sidebar docs",
        "message": "Getting started",
      },
      "sidebar.docs.link.Link label": Object {
        "description": "The label for link Link label in sidebar docs, linking to https://facebook.com",
        "message": "Link label",
      },
      "version.label": Object {
        "description": "The label for version current",
        "message": "current label",
      },
    },
    "path": "current",
  },
  Object {
    "content": Object {
      "foo/doc1.sidebar_label": Object {
        "description": "The sidebar label for doc with id=foo/doc1",
        "message": "doc1 title",
      },
      "foo/doc1.title": Object {
        "description": "The title for doc with id=foo/doc1",
        "message": "doc1 title",
      },
      "foo/doc2.sidebar_label": Object {
        "description": "The sidebar label for doc with id=foo/doc2",
        "message": "doc2 title",
      },
      "foo/doc2.title": Object {
        "description": "The title for doc with id=foo/doc2",
        "message": "doc2 title",
      },
      "foo/doc3.sidebar_label": Object {
        "description": "The sidebar label for doc with id=foo/doc3",
        "message": "doc3 title",
      },
      "foo/doc3.title": Object {
        "description": "The title for doc with id=foo/doc3",
        "message": "doc3 title",
      },
      "foo/doc4.sidebar_label": Object {
        "description": "The sidebar label for doc with id=foo/doc4",
        "message": "doc4 title",
      },
      "foo/doc4.title": Object {
        "description": "The title for doc with id=foo/doc4",
        "message": "doc4 title",
      },
      "foo/doc5.sidebar_label": Object {
        "description": "The sidebar label for doc with id=foo/doc5",
        "message": "doc5 title",
      },
      "foo/doc5.title": Object {
        "description": "The title for doc with id=foo/doc5",
        "message": "doc5 title",
      },
      "sidebar.docs.category.Getting started": Object {
        "description": "The label for category Getting started in sidebar docs",
        "message": "Getting started",
      },
      "sidebar.docs.link.Link label": Object {
        "description": "The label for link Link label in sidebar docs, linking to https://facebook.com",
        "message": "Link label",
      },
      "version.label": Object {
        "description": "The label for version 2.0.0",
        "message": "2.0.0 label",
      },
    },
    "path": "version-2.0.0",
  },
  Object {
    "content": Object {
      "foo/doc1.sidebar_label": Object {
        "description": "The sidebar label for doc with id=foo/doc1",
        "message": "doc1 title",
      },
      "foo/doc1.title": Object {
        "description": "The title for doc with id=foo/doc1",
        "message": "doc1 title",
      },
      "foo/doc2.sidebar_label": Object {
        "description": "The sidebar label for doc with id=foo/doc2",
        "message": "doc2 title",
      },
      "foo/doc2.title": Object {
        "description": "The title for doc with id=foo/doc2",
        "message": "doc2 title",
      },
      "foo/doc3.sidebar_label": Object {
        "description": "The sidebar label for doc with id=foo/doc3",
        "message": "doc3 title",
      },
      "foo/doc3.title": Object {
        "description": "The title for doc with id=foo/doc3",
        "message": "doc3 title",
      },
      "foo/doc4.sidebar_label": Object {
        "description": "The sidebar label for doc with id=foo/doc4",
        "message": "doc4 title",
      },
      "foo/doc4.title": Object {
        "description": "The title for doc with id=foo/doc4",
        "message": "doc4 title",
      },
      "foo/doc5.sidebar_label": Object {
        "description": "The sidebar label for doc with id=foo/doc5",
        "message": "doc5 title",
      },
      "foo/doc5.title": Object {
        "description": "The title for doc with id=foo/doc5",
        "message": "doc5 title",
      },
      "sidebar.docs.category.Getting started": Object {
        "description": "The label for category Getting started in sidebar docs",
        "message": "Getting started",
      },
      "sidebar.docs.link.Link label": Object {
        "description": "The label for link Link label in sidebar docs, linking to https://facebook.com",
        "message": "Link label",
      },
      "version.label": Object {
        "description": "The label for version 1.0.0",
        "message": "1.0.0 label",
      },
    },
    "path": "version-1.0.0",
  },
]
`;

exports[`translateLoadedContent should return translated loaded content matching snapshot 1`] = `
Object {
  "loadedVersions": Array [
    Object {
      "contentPath": "any",
      "contentPathLocalized": "any",
      "docs": Array [
        Object {
          "description": "doc1 description",
          "editUrl": "any",
          "id": "doc1",
          "isDocsHomePage": false,
          "lastUpdatedAt": 0,
          "lastUpdatedBy": "any",
          "next": undefined,
          "permalink": "any",
          "previous": undefined,
          "sidebar_label": "doc1 title (translated)",
          "slug": "any",
          "source": "any",
          "title": "doc1 title (translated)",
          "unversionedId": "foo/doc1",
          "version": "any",
        },
        Object {
          "description": "doc2 description",
          "editUrl": "any",
          "id": "doc2",
          "isDocsHomePage": false,
          "lastUpdatedAt": 0,
          "lastUpdatedBy": "any",
          "next": undefined,
          "permalink": "any",
          "previous": undefined,
          "sidebar_label": "doc2 title (translated)",
          "slug": "any",
          "source": "any",
          "title": "doc2 title (translated)",
          "unversionedId": "foo/doc2",
          "version": "any",
        },
        Object {
          "description": "doc3 description",
          "editUrl": "any",
          "id": "doc3",
          "isDocsHomePage": false,
          "lastUpdatedAt": 0,
          "lastUpdatedBy": "any",
          "next": undefined,
          "permalink": "any",
          "previous": undefined,
          "sidebar_label": "doc3 title (translated)",
          "slug": "any",
          "source": "any",
          "title": "doc3 title (translated)",
          "unversionedId": "foo/doc3",
          "version": "any",
        },
        Object {
          "description": "doc4 description",
          "editUrl": "any",
          "id": "doc4",
          "isDocsHomePage": false,
          "lastUpdatedAt": 0,
          "lastUpdatedBy": "any",
          "next": undefined,
          "permalink": "any",
          "previous": undefined,
          "sidebar_label": "doc4 title (translated)",
          "slug": "any",
          "source": "any",
          "title": "doc4 title (translated)",
          "unversionedId": "foo/doc4",
          "version": "any",
        },
        Object {
          "description": "doc5 description",
          "editUrl": "any",
          "id": "doc5",
          "isDocsHomePage": false,
          "lastUpdatedAt": 0,
          "lastUpdatedBy": "any",
          "next": undefined,
          "permalink": "any",
          "previous": undefined,
          "sidebar_label": "doc5 title (translated)",
          "slug": "any",
          "source": "any",
          "title": "doc5 title (translated)",
          "unversionedId": "foo/doc5",
          "version": "any",
        },
      ],
      "isLast": true,
      "mainDocId": "",
      "routePriority": undefined,
      "sidebarFilePath": "any",
      "sidebars": Object {
        "docs": Array [
          Object {
            "collapsed": false,
            "items": Array [
              Object {
                "id": "doc1",
                "type": "doc",
              },
              Object {
                "id": "doc2",
                "type": "doc",
              },
              Object {
                "href": "https://facebook.com",
                "label": "Link label (translated)",
                "type": "link",
              },
              Object {
                "id": "doc1",
                "type": "ref",
              },
            ],
            "label": "Getting started (translated)",
            "type": "category",
          },
          Object {
            "id": "doc3",
            "type": "doc",
          },
        ],
        "otherSidebar": Array [
          Object {
            "id": "doc4",
            "type": "doc",
          },
          Object {
            "id": "doc5",
            "type": "doc",
          },
        ],
      },
      "versionLabel": "current label (translated)",
      "versionName": "current",
      "versionPath": "/docs/",
    },
    Object {
      "contentPath": "any",
      "contentPathLocalized": "any",
      "docs": Array [
        Object {
          "description": "doc1 description",
          "editUrl": "any",
          "id": "doc1",
          "isDocsHomePage": false,
          "lastUpdatedAt": 0,
          "lastUpdatedBy": "any",
          "next": undefined,
          "permalink": "any",
          "previous": undefined,
          "sidebar_label": "doc1 title (translated)",
          "slug": "any",
          "source": "any",
          "title": "doc1 title (translated)",
          "unversionedId": "foo/doc1",
          "version": "any",
        },
        Object {
          "description": "doc2 description",
          "editUrl": "any",
          "id": "doc2",
          "isDocsHomePage": false,
          "lastUpdatedAt": 0,
          "lastUpdatedBy": "any",
          "next": undefined,
          "permalink": "any",
          "previous": undefined,
          "sidebar_label": "doc2 title (translated)",
          "slug": "any",
          "source": "any",
          "title": "doc2 title (translated)",
          "unversionedId": "foo/doc2",
          "version": "any",
        },
        Object {
          "description": "doc3 description",
          "editUrl": "any",
          "id": "doc3",
          "isDocsHomePage": false,
          "lastUpdatedAt": 0,
          "lastUpdatedBy": "any",
          "next": undefined,
          "permalink": "any",
          "previous": undefined,
          "sidebar_label": "doc3 title (translated)",
          "slug": "any",
          "source": "any",
          "title": "doc3 title (translated)",
          "unversionedId": "foo/doc3",
          "version": "any",
        },
        Object {
          "description": "doc4 description",
          "editUrl": "any",
          "id": "doc4",
          "isDocsHomePage": false,
          "lastUpdatedAt": 0,
          "lastUpdatedBy": "any",
          "next": undefined,
          "permalink": "any",
          "previous": undefined,
          "sidebar_label": "doc4 title (translated)",
          "slug": "any",
          "source": "any",
          "title": "doc4 title (translated)",
          "unversionedId": "foo/doc4",
          "version": "any",
        },
        Object {
          "description": "doc5 description",
          "editUrl": "any",
          "id": "doc5",
          "isDocsHomePage": false,
          "lastUpdatedAt": 0,
          "lastUpdatedBy": "any",
          "next": undefined,
          "permalink": "any",
          "previous": undefined,
          "sidebar_label": "doc5 title (translated)",
          "slug": "any",
          "source": "any",
          "title": "doc5 title (translated)",
          "unversionedId": "foo/doc5",
          "version": "any",
        },
      ],
      "isLast": true,
      "mainDocId": "",
      "routePriority": undefined,
      "sidebarFilePath": "any",
      "sidebars": Object {
        "docs": Array [
          Object {
            "collapsed": false,
            "items": Array [
              Object {
                "id": "doc1",
                "type": "doc",
              },
              Object {
                "id": "doc2",
                "type": "doc",
              },
              Object {
                "href": "https://facebook.com",
                "label": "Link label (translated)",
                "type": "link",
              },
              Object {
                "id": "doc1",
                "type": "ref",
              },
            ],
            "label": "Getting started (translated)",
            "type": "category",
          },
          Object {
            "id": "doc3",
            "type": "doc",
          },
        ],
        "otherSidebar": Array [
          Object {
            "id": "doc4",
            "type": "doc",
          },
          Object {
            "id": "doc5",
            "type": "doc",
          },
        ],
      },
      "versionLabel": "2.0.0 label (translated)",
      "versionName": "2.0.0",
      "versionPath": "/docs/",
    },
    Object {
      "contentPath": "any",
      "contentPathLocalized": "any",
      "docs": Array [
        Object {
          "description": "doc1 description",
          "editUrl": "any",
          "id": "doc1",
          "isDocsHomePage": false,
          "lastUpdatedAt": 0,
          "lastUpdatedBy": "any",
          "next": undefined,
          "permalink": "any",
          "previous": undefined,
          "sidebar_label": "doc1 title (translated)",
          "slug": "any",
          "source": "any",
          "title": "doc1 title (translated)",
          "unversionedId": "foo/doc1",
          "version": "any",
        },
        Object {
          "description": "doc2 description",
          "editUrl": "any",
          "id": "doc2",
          "isDocsHomePage": false,
          "lastUpdatedAt": 0,
          "lastUpdatedBy": "any",
          "next": undefined,
          "permalink": "any",
          "previous": undefined,
          "sidebar_label": "doc2 title (translated)",
          "slug": "any",
          "source": "any",
          "title": "doc2 title (translated)",
          "unversionedId": "foo/doc2",
          "version": "any",
        },
        Object {
          "description": "doc3 description",
          "editUrl": "any",
          "id": "doc3",
          "isDocsHomePage": false,
          "lastUpdatedAt": 0,
          "lastUpdatedBy": "any",
          "next": undefined,
          "permalink": "any",
          "previous": undefined,
          "sidebar_label": "doc3 title (translated)",
          "slug": "any",
          "source": "any",
          "title": "doc3 title (translated)",
          "unversionedId": "foo/doc3",
          "version": "any",
        },
        Object {
          "description": "doc4 description",
          "editUrl": "any",
          "id": "doc4",
          "isDocsHomePage": false,
          "lastUpdatedAt": 0,
          "lastUpdatedBy": "any",
          "next": undefined,
          "permalink": "any",
          "previous": undefined,
          "sidebar_label": "doc4 title (translated)",
          "slug": "any",
          "source": "any",
          "title": "doc4 title (translated)",
          "unversionedId": "foo/doc4",
          "version": "any",
        },
        Object {
          "description": "doc5 description",
          "editUrl": "any",
          "id": "doc5",
          "isDocsHomePage": false,
          "lastUpdatedAt": 0,
          "lastUpdatedBy": "any",
          "next": undefined,
          "permalink": "any",
          "previous": undefined,
          "sidebar_label": "doc5 title (translated)",
          "slug": "any",
          "source": "any",
          "title": "doc5 title (translated)",
          "unversionedId": "foo/doc5",
          "version": "any",
        },
      ],
      "isLast": true,
      "mainDocId": "",
      "routePriority": undefined,
      "sidebarFilePath": "any",
      "sidebars": Object {
        "docs": Array [
          Object {
            "collapsed": false,
            "items": Array [
              Object {
                "id": "doc1",
                "type": "doc",
              },
              Object {
                "id": "doc2",
                "type": "doc",
              },
              Object {
                "href": "https://facebook.com",
                "label": "Link label (translated)",
                "type": "link",
              },
              Object {
                "id": "doc1",
                "type": "ref",
              },
            ],
            "label": "Getting started (translated)",
            "type": "category",
          },
          Object {
            "id": "doc3",
            "type": "doc",
          },
        ],
        "otherSidebar": Array [
          Object {
            "id": "doc4",
            "type": "doc",
          },
          Object {
            "id": "doc5",
            "type": "doc",
          },
        ],
      },
      "versionLabel": "1.0.0 label (translated)",
      "versionName": "1.0.0",
      "versionPath": "/docs/",
    },
  ],
}
`;
